../Core/Src/main.c:107:5:main	64	static
../Core/Src/main.c:196:6:SystemClock_Config	88	static
../Core/Src/main.c:246:13:MX_ADC1_Init	24	static
../Core/Src/main.c:298:13:MX_ETH_Init	8	static
../Core/Src/main.c:347:13:MX_I2C1_Init	8	static
../Core/Src/main.c:395:13:MX_USART3_UART_Init	8	static
../Core/Src/main.c:430:13:MX_USB_OTG_FS_PCD_Init	8	static
../Core/Src/main.c:463:13:MX_DMA_Init	16	static
../Core/Src/main.c:481:13:MX_GPIO_Init	56	static
../Core/Src/main.c:554:6:ADC_Thread	16	static
../Core/Src/main.c:588:6:Error_Handler	4	static,ignoring_inline_asm
